10tv.app
7tv.gg
a-v2.sndcdn.com
abd.twimg.com
ably-realtime.com
ably.com
accounts.google.com
achat-followers-instagram.com
acheter-followers-instagram.com
acheterdesfollowersinstagram.com
acheterfollowersinstagram.com
ad.doubleclick.net
adnxs.com
adservice.google.com
aksor.pro
al.sndcdn.com
amazon.com
amazonaws.com
ampproject.org
aniboom.one
api-v2.soundcloud.com
api.github.com
api.mod.io
api.twitch.tv
appspot.com
archive.org
arma3.com
armaplatform.com
assets.web.soundcloud.cloud
awsstatic.com
b-cdn.net
betterttv.net
bing.com
bistudio.com
bohemia.net
bookstagram.com
boom-img.com
bootstrapcdn.com
carstagram.com
cb.dev
cbbids.com
cbcams.com
cbstatic.com
cbxyz.com
cdn.battleye.com
cdn.betterttv.net
cdn.bohemia.net
cdn.discordapp.com
cdn.frankerfacez.com
cdn.hsmedia.ru
cdn.prod.website-files.com
cdn.vigo.one
cdnjs.cloudflare.com
censorship.no
cf-hls-media.sndcdn.com
chaturbate.net
chaturbate.org
chaturbateapi.com
chaturbatedns.com
chaturbatedream.com
chaturbatetoken.com
chaturcommunity.com
chickstagram.com
clarity.ms
clbme.com
cloud.kodik-storage.com
cloudflare-dns.com
cloudflare-ech.com
cloudflare-ipfs.com
cloudflare.com
cloudflareaccess.com
cloudflareapps.com
cloudflarebolt.com
cloudflareclient.com
cloudflareinsights.com
cloudflareok.com
cloudflarepartners.com
cloudflareportal.com
cloudflarepreview.com
cloudflareresolve.com
cloudflaressl.com
cloudflarestatus.com
cloudflarestorage.com
cloudflarestream.com
cloudflaretest.com
cloudfront.net
cm.mgid.com
code.jquery.com
conversations.im
cursor.sh
cursorapi.com
dev.twitch.tv
developer.valvesoftware.com
discord.app
discord.status
discordapp.io
discordcdn.com
discordsez.com
discordstatus.com
dn.com
dns.comss.one
dns.controld.com
dnschecker.org
doubleclick.net
dtf.ru
en.wikipedia.org
encryptedsni.com
engage.cloudflareclient.com
ext-twitch.tv
fandom.com
fburl.com
ffzap.com
files.catbox.moe
fonts.googleapis.com
fpapi.io
fpcdn.io
fptls.com
frankerfacez.com
gateway.discord.gg
gekkk.co
gleamio.com
google.com
google.ru
googleads.g.doubleclick.net
googleadservices.com
googlesyndication.com
googletagmanager.com
hd-rezka.one
help.twitch.tv
highwebmedia.com
html-classic.itch.zone
i.ytimg.com
id.twitch.tv
igcdn.com
igsonar.com
igtv.com
imagedelivery.net
images-ext-1.discordapp.net
img.itch.zone
img.yani.tv
imstagram.com
imtagram.com
incodesmile.com
indigogobot.com
instaadder.com
instachecker.com
instafallow.com
instafollower.com
instagainer.com
instagda.com
instagify.com
instagmania.com
instagor.com
instagram-brand.com
instagram-engineering.com
instagram-help.com
instagram-press.com
instagram-press.net
instagramci.com
instagramcn.com
instagramdi.com
instagramhashtags.net
instagramhilecim.com
instagramhilesi.org
instagramium.com
instagramizlenme.com
instagramkusu.com
instagramlogin.com
instagramm.com
instagramn.com
instagrampartners.com
instagramphoto.com
instagramq.com
instagramsepeti.com
instagramtakipcisatinal.net
instagramtakiphilesi.com
instagramtips.com
instagramtr.com
instagran.com
instagranm.com
instagrem.com
instagrm.com
instagtram.com
instagy.com
instamgram.com
instangram.com
instanttelegram.com
instaplayer.net
instastyle.tv
instgram.com
intagram.com
intagrm.com
intgram.com
jquery.com
kingstagram.com
kodik-storage.com
kodik.biz
kodik.info
lnstagram-help.com
localizeapi.com
lovense-api.com
lovense-app.com
lovense.club
lovense.com
lovense.net
makearmanotwar.com
matrix.org
matrix.to
media.discordapp.net
microsoft.com
mmcdn.com
mmpayouts.com
mmwebc.dev
mod.io
nicegram.app
oninstagram.com
online-instagram.com
onlineinstagram.com
p16-tiktokcdn-com.akamaized.net
pagead2.googlesyndication.com
pbs.twimg.com
picuki.com
pikabu.ru
play.google.com
player-aksor.yani.tv
player.aksor.pro
playerjs.com
protonmail.com
pushtechnology.com
reddit.com
reforger.armaplatform.com
relax.cloud.kodik-storage.com
rezka.fl
rezka.plus
ru.linkedin.com
ru.wikipedia.org
ru1.hdreska.net
rutracker.cloud
rutracker.cr
rutracker.in
rutracker.is
rutracker.me
rutracker.nl
rutracker.ru
safeframe.googlesyndication.com
stable.dl2.discordapp.net
stackpath.bootstrapcdn.com
static.doubleclick.net
static.rutracker.cc
stats.g.doubleclick.net
steamdb.info
t-lovense.com
tcdn.me
teleg.xyz
telegram.ai
telegram.asia
telegram.biz
telegram.cloud
telegram.cn
telegram.co
telegram.com
telegram.de
telegram.dev
telegram.eu
telegram.fr
telegram.host
telegram.in
telegram.info
telegram.io
telegram.jp
telegram.net
telegram.qa
telegram.ru
telegram.services
telegram.solutions
telegram.team
telegram.tech
telegram.uk
telegram.us
telegram.website
telegram.xyz
telegramapp.org
telegramdownload.com
telegramusercontent.com
tenor.com
tg.org
tgram.org
theinstagramhack.com
torg.org
tpc.googlesyndication.com
ttlovense.com
twitch.tv
twitchcdn.net
ufouxbwn.com
ulta.team
userapi.com
vast.ufouxbwn.com
vector.im
video-ik-ok-ii.xyz
video.twimg.com
vidoomy.com
vortex.data.microsoft.com
web-instagram.net
web.archive.org
web.snapchat.com
windscribe.com
wire.com
wixmp.com
workshop.bohemia.net
wwwinstagram.com
xda-developers.com
xdaforums.com
ya-ligh.com
ya-ligt.com
ya-liht.com
yani.tv
youtube.googleapis.com
yt3.ggpht.com
yt4.ggpht.com
yummy-anime.ru
zelenka.guru
znanija.com
